// Jest Snapshot v1, https://goo.gl/fbAQLP

exports[`Info component should render 1`] = `
<div>
  Window size: 
  0
</div>
`;
