// Jest Snapshot v1, https://goo.gl/fbAQLP

exports[`should render input should render 1`] = `
<div
  className="input-wrapper"
>
  <input
    type="text"
  />
</div>
`;
